
========= BIS Portal - AI Endpoint Tests =========

STAT | Endpoint                    | HTTP | Time     | Mode | Data
-------------------------------------------------------------------------------------
PASS | Scan(product)             | 200 |   3071ms | DEMO | HAS DATA 
PASS | Scan(barcode)             | 200 |   2992ms | DEMO | HAS DATA 
PASS | Scan(label)               | 200 |   2962ms | DEMO | HAS DATA 
PASS | Scan(hallmark)            | 200 |   2940ms | DEMO | HAS DATA 
PASS | Describe                  | 200 |   3150ms | DEMO | HAS DATA 
PASS | Compare                   | 200 |   3146ms | DEMO | HAS DATA 
PASS | Risk                      | 200 |   2937ms | DEMO | HAS DATA 
PASS | Ingredients               | 200 |   2872ms | DEMO | HAS DATA 
PASS | Verify (ISI)              | 200 |   2980ms | DEMO | HAS DATA 
PASS | Analyze                   | 200 |   2986ms | DEMO | HAS DATA 
PASS | Simulate                  | 200 |   2851ms | DEMO | HAS DATA 
PASS | Quality                   | 200 |   2962ms | DEMO | HAS DATA 
PASS | Documents                 | 200 |   2907ms | DEMO | HAS DATA 
PASS | Checklist                 | 200 |   2708ms | DEMO | HAS DATA 
PASS | Standards                 | 200 |   2630ms | DEMO | HAS DATA 
PASS | Chat                      | 200 |   2619ms | DEMO | HAS DATA 
PASS | Hallmark/Verify           | 200 |     13ms | LIVE | NO DATA 
-------------------------------------------------------------------------------------

RESULTS: 17/17 endpoints returning data
